  [28/176] data/CC-MAIN-2013-48/train-00013-of-00014.parquet (2.1 GB)
      progress: 60.2 GB / 373.5 GB  26.2 MB/s  ETA 204.3 min
  [29/176] data/CC-MAIN-2014-10/train-00000-of-00014.parquet (2.2 GB)
      progress: 62.4 GB / 373.5 GB  26.3 MB/s  ETA 202.3 min
  [30/176] data/CC-MAIN-2014-10/train-00001-of-00014.parquet (2.2 GB)
      progress: 64.6 GB / 373.5 GB  26.3 MB/s  ETA 200.2 min
  [31/176] data/CC-MAIN-2014-10/train-00002-of-00014.parquet (2.2 GB)
      progress: 66.8 GB / 373.5 GB  26.2 MB/s  ETA 199.4 min
  [32/176] data/CC-MAIN-2014-10/train-00003-of-00014.parquet (2.2 GB)
      progress: 69.0 GB / 373.5 GB  26.4 MB/s  ETA 197.0 min
  [33/176] data/CC-MAIN-2014-10/train-00004-of-00014.parquet (2.2 GB)
    attempt 1/3 failed: [Errno 28] No space left on device
      progress: 71.2 GB / 373.5 GB  26.3 MB/s  ETA 196.0 min
  [34/176] data/CC-MAIN-2014-10/train-00005-of-00014.parquet (2.2 GB)
    attempt 1/3 failed: [Errno 28] No space left on device
    attempt 2/3 failed: [Errno 28] No space left on device
    attempt 3/3 failed: [Errno 28] No space left on device
Traceback (most recent call last):
  File "/home/lzw/projects/zz/scripts/download/plan_and_download_fineweb_gpt3.py", line 311, in <module>
    main()
  File "/home/lzw/projects/zz/scripts/download/plan_and_download_fineweb_gpt3.py", line 286, in main
    size = download_one(url, dest)
           ^^^^^^^^^^^^^^^^^^^^^^^
  File "/home/lzw/projects/zz/scripts/download/plan_and_download_fineweb_gpt3.py", line 219, in download_one
    raise RuntimeError(f"giving up on {url}")
RuntimeError: giving up on https://hf-mirror.com/datasets/HuggingFaceFW/fineweb-edu/resolve/main/data/CC-MAIN-2014-10/train-00005-of-00014.parquet?download=true