[MLP] after c_fc (4x expand): (1, 6, 3072)
[MLP] after c_proj (back to n_embd): (1, 6, 768)
[Attn] x: (1, 6, 768) | q,k,v: (1, 12, 6, 64) (B, n_head, T, head_size)
[MLP] in: (1, 6, 768)
[MLP] after c_fc (4x expand): (1, 6, 3072)
[MLP] after c_proj (back to n_embd): (1, 6, 768)
[Attn] x: (1, 6, 768) | q,k,v: (1, 12, 6, 64) (B, n_head, T, head_size)
[MLP] in: (1, 6, 768)
[MLP] after c_fc (4x expand): (1, 6, 3072)
[MLP] after c_proj (back to n_embd): (1, 6, 768)
[Attn] x: (1, 6, 768) | q,k,v: (1, 12, 6, 64) (B, n_head, T, head_size)
[MLP] in: (1, 6, 768)
[MLP] after c_fc (4x expand): (1, 6, 3072)
[MLP] after c_proj (back to n_embd): (1, 6, 768)
[GPT] x after transformer: (1, 6, 768) | logits: (1, 1, 50304)
the diff between male and female is sometimes 10 to 20 times greater than the difference between the sexes.
- The heart rate is highest during the second and third trimester.
- If you have a baby during the last trimester, the heart rate may increase to as much as 33 beats per minute.
- Your blood pressure is low during the second trimester.
- You can't control your blood pressure at this time unless you have diabetes.
- If you have a heart attack at any time during your pregnancy, you should consider taking blood pressure medication.
- If you have any alcohol or drug problems during the first trimester, you should discuss this with your doctor.
- If you're pregnant, you may want to discuss the risks of having a baby with a genetic disorder at this time.
- Talk with your doctor about what the risks are and ways to manage them.
Your doctor or nurse can help you work with you to plan the best treatment for you.
You may need to
---------------
the diff between male and female brains. The findings demonstrate that the brain is vulnerable to increased free radicals and that changes in this mechanism may be linked to increased risk for serious brain damage.
The report, published in the journal Neuron, concludes that a high proportion of individuals with a known or suspected risk for brain cancer have alterations in the brain's antioxidant system.
"This indicates that the brain is particularly susceptible to alterations in the antioxidant system likely to be involved in the development and progression of brain damage," it states.
As a result, the scientists report that brain and immune function decline are more likely to be affected by these common lifestyle risk factors.
"The brain is full of challenges that affect not only mental function, but also physical health," says Professor Ross Lebow, from Newcastle University in the UK, who led the research.
"The team argues that when a person's brain is vulnerable to damage from ageing, ageing is more likely to cause a decline in brain function that can be damaging to health and
---------------
the diff between male and female. The male's body has a large, delicate iridescent blue or lilac color, and the female's flesh is very thin and immature; this color is called angora or angora. The young, or fry, of the male's body are slightly larger than the female's, and the coloring of the female's is more yellow than the male's. These fish are often called orangehead and are the only fish in the family to show any sign of coloring on their chin.
Male angoras are more colorful than females. The males' white belly is pale and pinkish-brown and the females' brown belly is lighter and bluish-black. The scales of males and females are somewhat larger than the males.
Angoras are found in tropical and subtropical oceans around the world. Angoras are distinguished by the presence of a pronounced, dark "eye" or "fuzz" above the head. The mouth of males is more elongate than the females'