$ python sample.py --out_dir=out-fineweb --start="why people need to go to work?  why people can't stay at home as long"
Overriding: out_dir = out-fineweb
Overriding: start = why people need to go to work?  why people can't stay at home as long
number of parameters: 123.59M
No meta.pkl found, assuming GPT-2 encodings...
why people need to go to work?  why people can't stay at home as long as they can't work?
Rasmussen Report has more.
- The Five Mile Island School District is doing well with its bid for the 2012 East Coast Conference title, which they won last year.
- In its first meeting of the year, the 10th annual Regional Reception was held in Little Caesars, California, on June 16.
- The board voted unanimously on Tuesday night that plans for a new building at the corner of Great Lakes St. and Main St. in the Sea King are in the works.
- The boards unanimously voted unanimously on Tuesday night in a 15-4 vote that ultimately eliminated the contract for the new construction and renovation of the school.
The school board voted Tuesday night to move forward with the school's 2012 budget.
About the Author
Piedmont is a nationally recognized and respected professional and trade, law firm dedicated to providing quality legal and administrative services to our clients. With offices in Dallas/Fort Worth, Chicago, San Francisco, Los Angeles, Miami, Boston Beach and Richmond, Piedmont's approach of providing legal representation as well as administrative service to our clients is an approach that is sustainable and approachable.
She is a graduate of the University of Maryland, College Park, the University of Washington, Hampton University, the University of Miami, and the University of California, Santa Cruz.
For the past four years, she has worked with clients and their attorneys in matters of personal injury, property issues, or human error.
Dow Jones is a freelance writer and the former president of the DFW International Law Group and a member of the National Law Journal Mock Trial Project.
A few weeks ago, Bob Ickes took the helm of the Bears with the decision to adopt his own name.
Ickes is finally over with his decision on the name of the Bears' defensive end.
The addition of the name of the newly named Chicago Bears offensive tackle will be a big positive for the Bears' run defense. Last year, the Bears were ranked No.1 in the country in the 2009-10 preseason First-Team Draft, but this preseason signing was even better than the Bears' worst.
We have seen a lot of that lately, but what I will say is look at the situation.
The Bears have had a number of teams (including the National Football League) look quite awful in the preseason, but what I will say is, the Bears are a threat to take
---------------
why people need to go to work?  why people can't stay at home as long as they have the proper motivation for it.
I love my coffee.
I love my children.
I love the people in my life.
Till if you're so inclined,
here's a topic for you: what makes the United States so great?
The United States has an exceptional reputation as an urban country. After years of declining public support, it has undergone a renaissance. And just when the U.S. government is about to take over, we get the chance to take over the country.
The U.S. is now a great country. And every day, President Obama is scheduled to visit the National Mall two or three times in a row.
They are not going to let the President have an impact on the country’s future. It’s about the people who’ll live here. It’s about the leadership of future generations.
The U.S. has a tremendous capacity to change our world. It has a great capacity to change our course and take us to a place they never would have otherwise been in.
But, as I have said, some of the leaders are no longer there. They are never there. But, in my opinion, the president has made us a great nation. He has made us a great nation.
I have asked the President to turn the focus back on the task at hand. He has made us a great nation. And he has made us a great nation.
There are many places in America where we can sit and get the news on this. I’m sure the President will make us a great nation.
In the past three years, the U.S. has had to change course. And this is a problem that is why we have a lot of choices in this country.
We have lost the ability to operate and to serve and contribute. And there is only one way to do that.
There are many ways to do it. It has to be done. And it really needs to be done. It is only through it.
There are many ways we can do it. I want to share this with you. The President had to do it. I want to talk about the most important concept in our country.
We have to raise the bar for a better world. We have to help people.
We have to have a great tradition of equality. This is why this country has been so great.

---------------
why people need to go to work?  why people can't stay at home as long as they have a job, or can't go home and stay in a job because someone is doing something else? What do you think is the best way to get an employer to work? ? ? ? ? ? ???? ???? ???? ???? ??????? ???? ???? ???? ???? ???? ???? ???? ???? ???????? ???? ???? ???????? ???? ???? ???? ???? ???? ???? ???? ???? ???????? ???? ???????? ???? ???? ???? ???? ???? ???? ???? ???? ???? ???? ???? ???? ???? ???? ???? ???? ???? ???? ???? ???? ???? ???? ???? ???? ???? ???? ???? ???? ???? ???? ???? ???? ???? ???? ???? ???? ???? ???? ???? ???? ???? ???? ???? ???? ???? ???? ???? ???? ???? ???? ???? ???? ???? ???? ????? ???? ???? ???? ??? ???? ????? ?? ????? ???? ???? ???? !!!! ??? ???? ???? ???? ???? ???? ???? ???? ???? ???? ???? ???? ???? ???? ???? ???? ?? ???? ??? ???? ???? ???? ???? ???? ????? ???? ???? ???? ???? ???? ???? ??? ???? ???? ???? ???? ???? ???? ???? ???? ???? ???? ???? ???? ???? ???? ???? ???? ???? ???? ???? ???? ???????? ???? ???? ???? ???? ???? ???? ???? ???? ???? ???? ? ???? ???? ???? ???? ???? ???? ???? ???? ???? ???? ???? ???? ???? ???? ???? ???? ???? ???? ???? ???? ???? ???? ???? ???? ???? ???? ???? ???? Â (?) ???? ???? ???? ???? ???? ??? ???? Â (?) ????  ? ???? ???? ???????? ???? ?? ?? ???? ???? ???? ??? ???? ???? !!! ???? ???? ?? ???? Â (?) ???? ???? ???? ????? ???? ???? ???? ????
---------------
why people need to go to work?  why people can't stay at home as long as they do it?
"Yes, I know that you are in the mood for work. But you should be in the mood for work."
If the economy keeps you, then there should be an economy on the rise.
Randy Gensler, a former management consultant who is now a professor of economics at Ohio State, says.
"There's a lot of unemployment for everybody. It's not just the people who get into that kind of stuff. I don't know if people are good at it, but it has to have a lot of confidence," he said.
Gensler's remarks were a response from Gensler's office.
He said it wasn't just about jobs, but the idea of job security. Gensler also said that the economy is starting to get better and that's what's at stake for the country's future.
Gensler said that boomers are beginning to get jobs as well, and he noted that the demand for jobs is good.
Many times the economy's strength is measured in job creation, said Gensler, who's worked in the banking industry for 25 years.
"It's a full blown idea to create a world where the people that you are looking for are not necessarily the people that you are seeking," he said. "We'll see what happens."
Gensler recalled that he was at another college in Ohio and retired his years of government service in 2008 after spending three years in private business.
Gensler said he's been involved in labor and labor relations for 35 years, mostly as an executive. He said it's been an ongoing endeavor.
Sitting on the sidelines of the economic debate is former professor and former U.S. economist Ed Lassiter and former Republican congressman John Murtha, who is also said to be one of the biggest contributors to the discussion.
"We're not necessarily talking about a variety of decisions, because what we were thinking was going to create jobs," Gensler said. "People look at what they think is going to affect their lives, and what they think is going to affect their lives."
He also was pleased to see that former president Bill Clinton became president in 2007 and was able to deliver an economic speech four times.
"That's the right thing to do," he said. "It's a good thing that we do that."
Clinton had been on the payroll for four years,
---------------
why people need to go to work?  why people can't stay at home as long as it's a long-term activity?
Sylvania County Sheriff's Office
Here at the Saginaw Chamber of Commerce that provides tax services and is well known for its
political activity, the Saginaw Chamber of Commerce has a long tradition of supporting the Chamber on
the local level. The Saginaw Chamber of Commerce and the Chamber of Commerce are considered the
largest business association in the state. There are many local businesses that our
profit has established, including a number of restaurants, a large health club, a business
club, and a golf course. The Chamber of Commerce is also home to a number of
local businesses.
Today, most of the Saginaw Chamber's business is carried out in the Saginaw Saginaw
High School athletic complex, a few miles from the Town Hall.
Like the Saginaw Chamber of Commerce, the Saginaw Chamber of Commerce also employs
approximately 65 people who operate in the Saginaw high schools sporting
activities. The Chamber of Commerce is a member of the Saginaw Chamber of Commerce,
an affiliate of the United States Forest Service.
The Saginaw Chamber of Commerce
is a member of the Saginaw Valley Industrial Association.
Saginaw Chamber of Commerce
Saginaw Chamber of Commerce
Saginaw Chamber of Commerce
For more than 30 years the Saginaw Chamber of Commerce has been an active
accomplish for the Saginaw High School Athletic tournament, the Saginaw
Basketball, and other community events. Saginaw Chamber of Commerce celebrates its
date of birth. This is the first time in
previous history at Saginaw State University that the Saginaw Chamber of Commerce has
decided to be part of the Saginaw Regional High School Athletic Association.
While Saginaw High School also has its own Chamber of Commerce, in 2000 Saginaw
High School became a member of the Saginaw Chamber of Commerce. In 2004, Saginaw
State High School was voted to compete in the Saginaw High School Athletic
Achievement in Football in 2005 was recognized in the Saginaw Chamber of Commerce
and in 2005 was recognized in the Saginaw High School Athletic Association as
"Saginaw High School's Best Student."
Saginaw Chamber of Commerce
Saginaw Chamber of Commerce
Saginaw Chamber of Commerce

---------------
why people need to go to work?  why people can't stay at home as long as they have something to say?  my wife works very long hours, which is a lot of work.  me but it seems like the time is right to exercise.   the day we go shopping, we do not have to go to school.
We have thought of keeping up with our children in the evenings. My wife has even been a good mother to us, and we are always watching her, when she is working. But when she is not, it makes her feel like a child to me.  My wife says, "It looks great in the morning and then now! I know it is going to be a good child! It has said to me again that time is not right to exercise! And you remember how it sounds!"
We do not want to go into the car.  I do not think that I can put my children into the car.  We do not want to go into the car.  I do not want to go into the car.  I do not want to put my children in the car.  My wife loves me very much.  A night in a restaurant is a good time to make dinner.  I love my children very much.  I do not want to have to go into the kitchen when I feel like it!
---------------
why people need to go to work?  why people can't stay at home as long as they can still work?  my family and friends are not allowed to work anymore
---------------
why people need to go to work?  why people can't stay at home as long as their body just can't survive?
- How would you respond if people had to go to work?
- What is the best thing that would be done if people went to work?
- How would an empty door be if there were no visitors to the store?
- Who would get the most work done if you didn't really have a caretaker in the house?
- What is the best thing anyone ever did for their bodies?
- What is the best thing another person would do for their bodies?
- What are the best things people have done for our bodies?
- How would you feel if your body is completely empty?
- What is the best thing that someone has done for their body?
- How would you respond when you were asked "Why didn't you ask?"
- What would you say if somebody asked you?
- How would you feel if someone asked you that same question before you showed up?
- What do you do if somebody asks you something?
- What would you eat?
- What would you like to change?
- What do you do if someone asks you something?
- What would you do if someone asked you a question?
- What is the best thing that someone has done for your body?
- What do you believe the best question will be asked?
- What does the best answer you'd give you?
- What does the worst thing that someone has done for your body?
- What do you do if someone asks you something?
- What is the best thing someone has done for your body?
- What is the best thing someone has done for your body?
- What do you think is the best thing that someone has done for your body?
- How much money do you think your body should give you if you only wanted to have your body or you wanted to be part of the deal?
- What would you do if you said that the only way to go to work is to leave the house or to have someone in your house?
- How will you deal with a death?
- What do you think is the best thing that someone has done for your body?
- What would be the best thing you have done for you?
- What would you do if someone asked you a question?
- What would you do if someone asked you a question?
- What is the best thing that someone
---------------
why people need to go to work?  why people can't stay at home as long as it is available?
- Why do people need to pay for healthcare?
- Why can't I get help with a car?
- Are we talking about death and disability of someone on welfare?
- Why can't people be prevented from receiving health care?
- Why are there no school-based programs for health professionals?
- Why are there no independent public health services in the United States?
- Are there no other options for reducing our own health?
- Does this prevent me from taking food stamps?
- When would I be able to pay for my primary care doctor's?
- When can I get my medical insurance?
- What happens if I are told that I have a medical condition?
- What are the symptoms of medical conditions that require hospitalization?
-  What happens if I have acquired diabetes or a diabetes diagnosis?
- Are there no individualized care plans for my family?
- When can I expect support for a house health insurance plan for my family?
- What should I do if I have a health care package with all the health insurance plans available?
- What are the costs of using a health care plan for me, or for me?
- What happens if I have a health care plan for me?
- What about me with a family member who is ill?
- Should I put my health insurance on my savings account?
- What should I look for when I have a health care plan for me?
- What should I do when I am sick or injured?
- Should I take care of an elderly person who is dying or has emphysema?
- What can I do when I have it all at once?
- What happens if my insurance does not cover the cost of care that I have put on my savings account?
- What do I need in order to pay for my health care?
- What does the cost of insurance pay for my health care?
- What should I do if I feel my health insurance is inadequate?
- What should I do if I am sick with a family member or sick because I am sick with a family member?
- What do I need in order to pay for my health insurance program because I am ill?
-  What is
---------------
why people need to go to work?  why people can't stay at home as long as they have to?
How much do you have to do to be sick while in the workforce?  to be on a budget?  to be on a salary cap?  to be on a work ethic?  to be a good neighbor?  to be a good neighbor?  to be a good neighbor?  to be financially independent?   to be a good neighbor?  to be a good friend?  to be a good neighbor?  to be able to provide for our family?  to be able to provide for the family?   to be financially independent?  to be a good neighbor?   to be a good neighbor?  to be a good neighbor?   to be a good neighbor?   to be a good neighbor?   to be a good neighbor?   to be a good neighbor?
---------------
