lzw@to:~/projects/nanoGPT$ python sample.py --out_dir=out-shakespeare-char
Overriding: out_dir = out-shakespeare-char
number of parameters: 10.65M
Loading meta from data/shakespeare_char/meta.pkl...


Clown:
So, we'll find on, but wails about the antiate straight
of barriage, unquit the free laws, every royal ears
appearer hearts are full of me as well
and estimates, as will it will virtue to the next
in the spelling of all the middle by a childish heaty.

Second Gentleman:
You have like to the lady, and what evil sound
to our fair eyes and poor of his burthen mutchers,
who was it would not know on his face.

POLIXENES:
I shall find your honour, I am for him.

GREMIO:
Any in his character.


---------------

Men pardon, marry, she's head;
And have my lord's masters, in reason;
Here comes the watching with course my shout,
Do I thought her bleeding-shame to be thought
A dissolver of the heaven.

HENRY BOLINGBROKE:
Take you, go, good son, then; you have so many hath
That will we have swear'd of your master, and colled
In this war's death, all the hand of the world,
Let it be so fair so thounds the sun of Richard's subject,
And bruised, we will all the harm of Richmond.

DUCHESS OF YORK:
If you were no
---------------

Messenger:
The parle, I humbly acquaint it
A very heart called and noble hours and
As it were mine own leads till this son,
Or more than did child she was dangerous haste
To the cause of the angels of my lamentation
Than expection and my happy parts, in this state for Henry's mourns.
Who hath my life for just defend, through he was butcher'd his shame
To be broilded the duke and his highness.

DUCHESS OF YORK:
Who shall be his married and his smother's enemy?
What passage is it, so are well as t
---------------

Thine eyes now. Are you mark'd, is so false to
a woman can restraighted thine eyes?

BRUTUS:
I beseech you, if you shall be the viperel
of this commonweal. The people I was that been
from the moans of the path and two of your entreat wife
begins at your corpses of the harm, like all the court.

Second Senator:
'Tis not but the people's life, and your guard
Worship with a wings.

CORIOLANUS:
Marry, I was not true:
A daughter standaring a parliaman.

Second Servingman:
No, now offence. Lord, havin
---------------

BUCKINGHAM:
Then, hear me speak to see it both.
I must be not stole alone, and tell me
But consul, it is not pardon't.

BUCKINGHAM:
Tush, my lord, wish, go your gracious lord;
And put in this dead that I say:
You would have heard I have made my life,
And some sadly with the world good and seducious death.

YORK:
Execute and under his soul.

WARWICK:
If ever your mother, the sea he would have said
And like her own sorrow moved so her her womb,
Is it would raze her sleep hath as most before
Made m
---------------


MENENIUS:
Having he would acquit his height with him!

CORIOLANUS:
Spring him to me now.

CORIOLANUS:
So, I have at the time that
Can be cruel matchery.

CORIOLANUS:
What, what, then? what's the case that full of me?
I will follow the crown threatening counsel?

MENENIUS:
This body, to the gods, what hath a beggar'd and man in place
Where it was to be the sententence, and not thoughts
But with story thy dreams in remedyment.
What said how the wenches may have do thee breathe spirit
To what is t
---------------

Shepherd:
Heaven to sleep grafter, shall, when in the house of
my breast and the swift of a shame: here, I know thy vices.

CAMILLO:
My lord, I pray thee, I thought have it slipp'd
To all right thee to the prince that thy duest.
Thou dost so much here, have a man a pair of man,
Hands the father that the people's pack or wife
With sell holy and father's troubled with a while beggar
To brave against the constance of thee; but that anaturation
That can not pay the first and but on the honour
Have d
---------------

ISABELLA:
True, if I be so excused not a happy do not
being to like your honours. Look to see your brows
Apparently your power: I am a prophet and a man.

ISABELLA:
I do probate my lord.

LUCIO:
Pray you, sirrah, if the bears summons unborn me seen
I would appare fair enterpeeding to still report his
father's triumphant.

ISABELLA:
Nay, dear mother, I rather will go on thee.

DUKE VINCENTIO:
And tell thee, my lord, sir! why you think
Within thus widow me writ of my face
To shake a nightness my p
---------------


LEONTES:
The realm and hope is sinn'd by the prince,
Being pack'd to be vained
Himself, and seeing the queen's season: let's be
The measure of the common of your son,
To make your purpose that you have done,
That not she should be served for your sistering claim
If you throw him your shame in the blood,
But as yours a will deputy of life,
As with her to bless her but in the shore,
Your villanous dearers of mourning shroud,
From Christian of that heaven current to hear him,
And having him since
---------------

How cheerful rathers have himself
And spoil, I will have it to death's flight,
And with shrew gaze the tongue of his bishop,
If you do strike, this married by me with the soldiers,
And victors, art thou think the right and breath.

KING RICHARD II:
Then I have like off our place-birth,
To be upon this as this preparate with our cheeks;
For all his foe to us our mercy;
Which she is not for this infliction that she speaks to thee,
Who would not speak her brother than her's blood,
How I did not she
---------------
