lzw@to:~/projects/nanoGPT$ pip3.10 install torch numpy transformers datasets tiktoken wandb tqdm
Defaulting to user installation because normal site-packages is not writeable
Requirement already satisfied: torch in /home/lzw/.local/lib/python3.10/site-packages (2.0.1)
Requirement already satisfied: numpy in /home/lzw/.local/lib/python3.10/site-packages (1.25.2)
Collecting transformers
  Downloading transformers-4.57.0-py3-none-any.whl (12.0 MB)
     ━━━━━━━━━━━━━━━━━━━━━━━━━━━━━━━━━━━━━━━━ 12.0/12.0 MB 7.7 MB/s eta 0:00:00
Requirement already satisfied: datasets in /home/lzw/.local/lib/python3.10/site-packages (3.6.0)
Requirement already satisfied: tiktoken in /home/lzw/.local/lib/python3.10/site-packages (0.8.0)
Collecting wandb
  Downloading wandb-0.22.1-py3-none-manylinux_2_17_x86_64.manylinux2014_x86_64.whl (19.6 MB)
     ━━━━━━━━━━━━━━━━━━━━━━━━━━━━━━━━━━━━━━━━ 19.6/19.6 MB 3.0 MB/s eta 0:00:00
Requirement already satisfied: tqdm in /home/lzw/.local/lib/python3.10/site-packages (4.67.1)
Requirement already satisfied: nvidia-cusparse-cu11==11.7.4.91 in /home/lzw/.local/lib/python3.10/site-packages (from torch) (11.7.4.91)
Requirement already satisfied: nvidia-nvtx-cu11==11.7.91 in /home/lzw/.local/lib/python3.10/site-packages (from torch) (11.7.91)
Requirement already satisfied: sympy in /home/lzw/.local/lib/python3.10/site-packages (from torch) (1.12)
Requirement already satisfied: nvidia-cuda-nvrtc-cu11==11.7.99 in /home/lzw/.local/lib/python3.10/site-packages (from torch) (11.7.99)
Requirement already satisfied: nvidia-cusolver-cu11==11.4.0.1 in /home/lzw/.local/lib/python3.10/site-packages (from torch) (11.4.0.1)
Requirement already satisfied: triton==2.0.0 in /home/lzw/.local/lib/python3.10/site-packages (from torch) (2.0.0)
Requirement already satisfied: nvidia-curand-cu11==10.2.10.91 in /home/lzw/.local/lib/python3.10/site-packages (from torch) (10.2.10.91)
Requirement already satisfied: nvidia-cuda-runtime-cu11==11.7.99 in /home/lzw/.local/lib/python3.10/site-packages (from torch) (11.7.99)
Requirement already satisfied: typing-extensions in /home/lzw/.local/lib/python3.10/site-packages (from torch) (4.13.2)
Requirement already satisfied: nvidia-cudnn-cu11==8.5.0.96 in /home/lzw/.local/lib/python3.10/site-packages (from torch) (8.5.0.96)
Requirement already satisfied: nvidia-cublas-cu11==11.10.3.66 in /home/lzw/.local/lib/python3.10/site-packages (from torch) (11.10.3.66)
Requirement already satisfied: jinja2 in /home/lzw/.local/lib/python3.10/site-packages (from torch) (3.1.2)
Requirement already satisfied: networkx in /home/lzw/.local/lib/python3.10/site-packages (from torch) (3.1)
Requirement already satisfied: nvidia-cuda-cupti-cu11==11.7.101 in /home/lzw/.local/lib/python3.10/site-packages (from torch) (11.7.101)
Requirement already satisfied: filelock in /home/lzw/.local/lib/python3.10/site-packages (from torch) (3.12.2)
Requirement already satisfied: nvidia-cufft-cu11==10.9.0.58 in /home/lzw/.local/lib/python3.10/site-packages (from torch) (10.9.0.58)
Requirement already satisfied: nvidia-nccl-cu11==2.14.3 in /home/lzw/.local/lib/python3.10/site-packages (from torch) (2.14.3)
Requirement already satisfied: wheel in /usr/lib/python3/dist-packages (from nvidia-cublas-cu11==11.10.3.66->torch) (0.37.1)
Requirement already satisfied: setuptools in /usr/lib/python3/dist-packages (from nvidia-cublas-cu11==11.10.3.66->torch) (59.6.0)
Requirement already satisfied: lit in /home/lzw/.local/lib/python3.10/site-packages (from triton==2.0.0->torch) (16.0.6)
Requirement already satisfied: cmake in /home/lzw/.local/lib/python3.10/site-packages (from triton==2.0.0->torch) (3.27.2)
Requirement already satisfied: regex!=2019.12.17 in /home/lzw/.local/lib/python3.10/site-packages (from transformers) (2024.11.6)
Collecting huggingface-hub<1.0,>=0.34.0
  Downloading huggingface_hub-0.35.3-py3-none-any.whl (564 kB)
     ━━━━━━━━━━━━━━━━━━━━━━━━━━━━━━━━━━━━━━━━ 564.3/564.3 KB 1.8 MB/s eta 0:00:00
Requirement already satisfied: requests in /home/lzw/.local/lib/python3.10/site-packages (from transformers) (2.32.3)
Collecting tokenizers<=0.23.0,>=0.22.0
  Downloading tokenizers-0.22.1-cp39-abi3-manylinux_2_17_x86_64.manylinux2014_x86_64.whl (3.3 MB)
     ━━━━━━━━━━━━━━━━━━━━━━━━━━━━━━━━━━━━━━━━ 3.3/3.3 MB 492.5 kB/s eta 0:00:00
Requirement already satisfied: pyyaml>=5.1 in /usr/lib/python3/dist-packages (from transformers) (5.4.1)
Collecting safetensors>=0.4.3
  Downloading safetensors-0.6.2-cp38-abi3-manylinux_2_17_x86_64.manylinux2014_x86_64.whl (485 kB)
     ━━━━━━━━━━━━━━━━━━━━━━━━━━━━━━━━━━━━━━━━ 485.8/485.8 KB 316.3 kB/s eta 0:00:00
Requirement already satisfied: packaging>=20.0 in /home/lzw/.local/lib/python3.10/site-packages (from transformers) (25.0)
Requirement already satisfied: pyarrow>=15.0.0 in /home/lzw/.local/lib/python3.10/site-packages (from datasets) (20.0.0)
Requirement already satisfied: xxhash in /home/lzw/.local/lib/python3.10/site-packages (from datasets) (3.5.0)
Requirement already satisfied: fsspec[http]<=2025.3.0,>=2023.1.0 in /home/lzw/.local/lib/python3.10/site-packages (from datasets) (2025.3.0)
Requirement already satisfied: multiprocess<0.70.17 in /home/lzw/.local/lib/python3.10/site-packages (from datasets) (0.70.16)
Requirement already satisfied: pandas in /home/lzw/.local/lib/python3.10/site-packages (from datasets) (2.2.3)
Requirement already satisfied: dill<0.3.9,>=0.3.0 in /home/lzw/.local/lib/python3.10/site-packages (from datasets) (0.3.8)
Requirement already satisfied: protobuf!=4.21.0,!=5.28.0,<7,>=3.19.0 in /home/lzw/.local/lib/python3.10/site-packages (from wandb) (5.29.5)
Requirement already satisfied: platformdirs in /usr/lib/python3/dist-packages (from wandb) (2.5.1)
Requirement already satisfied: click>=8.0.1 in /usr/lib/python3/dist-packages (from wandb) (8.0.3)
Requirement already satisfied: pydantic<3 in /home/lzw/.local/lib/python3.10/site-packages (from wandb) (2.11.5)
Requirement already satisfied: gitpython!=3.1.29,>=1.0.0 in /home/lzw/.local/lib/python3.10/site-packages (from wandb) (3.1.44)
Collecting sentry-sdk>=2.0.0
  Downloading sentry_sdk-2.40.0-py2.py3-none-any.whl (374 kB)
     ━━━━━━━━━━━━━━━━━━━━━━━━━━━━━━━━━━━━━━━━ 374.7/374.7 KB 305.2 kB/s eta 0:00:00
Requirement already satisfied: aiohttp!=4.0.0a0,!=4.0.0a1 in /home/lzw/.local/lib/python3.10/site-packages (from fsspec[http]<=2025.3.0,>=2023.1.0->datasets) (3.12.4)
Requirement already satisfied: gitdb<5,>=4.0.1 in /home/lzw/.local/lib/python3.10/site-packages (from gitpython!=3.1.29,>=1.0.0->wandb) (4.0.12)
Collecting hf-xet<2.0.0,>=1.1.3
  Downloading hf_xet-1.1.10-cp37-abi3-manylinux_2_17_x86_64.manylinux2014_x86_64.whl (3.2 MB)
     ━━━━━━━━━━━━━━━━━━━━━━━━━━━━━━━━━━━━━━━━ 3.2/3.2 MB 355.7 kB/s eta 0:00:00
Requirement already satisfied: annotated-types>=0.6.0 in /home/lzw/.local/lib/python3.10/site-packages (from pydantic<3->wandb) (0.7.0)
Requirement already satisfied: pydantic-core==2.33.2 in /home/lzw/.local/lib/python3.10/site-packages (from pydantic<3->wandb) (2.33.2)
Requirement already satisfied: typing-inspection>=0.4.0 in /home/lzw/.local/lib/python3.10/site-packages (from pydantic<3->wandb) (0.4.1)
Requirement already satisfied: charset-normalizer<4,>=2 in /home/lzw/.local/lib/python3.10/site-packages (from requests->transformers) (3.4.1)
Requirement already satisfied: urllib3<3,>=1.21.1 in /usr/lib/python3/dist-packages (from requests->transformers) (1.26.5)
Requirement already satisfied: idna<4,>=2.5 in /usr/lib/python3/dist-packages (from requests->transformers) (3.3)
Requirement already satisfied: certifi>=2017.4.17 in /usr/lib/python3/dist-packages (from requests->transformers) (2020.6.20)
Collecting urllib3<3,>=1.21.1
  Downloading urllib3-2.5.0-py3-none-any.whl (129 kB)
     ━━━━━━━━━━━━━━━━━━━━━━━━━━━━━━━━━━━━━━━━ 129.8/129.8 KB 548.3 kB/s eta 0:00:00
Requirement already satisfied: MarkupSafe>=2.0 in /usr/lib/python3/dist-packages (from jinja2->torch) (2.0.1)
Requirement already satisfied: tzdata>=2022.7 in /home/lzw/.local/lib/python3.10/site-packages (from pandas->datasets) (2025.2)
Requirement already satisfied: python-dateutil>=2.8.2 in /home/lzw/.local/lib/python3.10/site-packages (from pandas->datasets) (2.9.0.post0)
Requirement already satisfied: pytz>=2020.1 in /usr/lib/python3/dist-packages (from pandas->datasets) (2022.1)
Requirement already satisfied: mpmath>=0.19 in /home/lzw/.local/lib/python3.10/site-packages (from sympy->torch) (1.3.0)
Requirement already satisfied: aiohappyeyeballs>=2.5.0 in /home/lzw/.local/lib/python3.10/site-packages (from aiohttp!=4.0.0a0,!=4.0.0a1->fsspec[http]<=2025.3.0,>=2023.1.0->datasets) (2.6.1)
Requirement already satisfied: propcache>=0.2.0 in /home/lzw/.local/lib/python3.10/site-packages (from aiohttp!=4.0.0a0,!=4.0.0a1->fsspec[http]<=2025.3.0,>=2023.1.0->datasets) (0.3.1)
Requirement already satisfied: attrs>=17.3.0 in /home/lzw/.local/lib/python3.10/site-packages (from aiohttp!=4.0.0a0,!=4.0.0a1->fsspec[http]<=2025.3.0,>=2023.1.0->datasets) (25.3.0)
Requirement already satisfied: async-timeout<6.0,>=4.0 in /home/lzw/.local/lib/python3.10/site-packages (from aiohttp!=4.0.0a0,!=4.0.0a1->fsspec[http]<=2025.3.0,>=2023.1.0->datasets) (5.0.1)
Requirement already satisfied: yarl<2.0,>=1.17.0 in /home/lzw/.local/lib/python3.10/site-packages (from aiohttp!=4.0.0a0,!=4.0.0a1->fsspec[http]<=2025.3.0,>=2023.1.0->datasets) (1.20.0)
Requirement already satisfied: aiosignal>=1.1.2 in /home/lzw/.local/lib/python3.10/site-packages (from aiohttp!=4.0.0a0,!=4.0.0a1->fsspec[http]<=2025.3.0,>=2023.1.0->datasets) (1.3.2)
Requirement already satisfied: multidict<7.0,>=4.5 in /home/lzw/.local/lib/python3.10/site-packages (from aiohttp!=4.0.0a0,!=4.0.0a1->fsspec[http]<=2025.3.0,>=2023.1.0->datasets) (6.4.4)
Requirement already satisfied: frozenlist>=1.1.1 in /home/lzw/.local/lib/python3.10/site-packages (from aiohttp!=4.0.0a0,!=4.0.0a1->fsspec[http]<=2025.3.0,>=2023.1.0->datasets) (1.6.0)
Requirement already satisfied: smmap<6,>=3.0.1 in /home/lzw/.local/lib/python3.10/site-packages (from gitdb<5,>=4.0.1->gitpython!=3.1.29,>=1.0.0->wandb) (5.0.2)
Requirement already satisfied: six>=1.5 in /usr/lib/python3/dist-packages (from python-dateutil>=2.8.2->pandas->datasets) (1.16.0)
Installing collected packages: urllib3, safetensors, hf-xet, sentry-sdk, wandb, huggingface-hub, tokenizers, transformers
  Attempting uninstall: hf-xet
    Found existing installation: hf-xet 1.1.2
    Uninstalling hf-xet-1.1.2:
      Successfully uninstalled hf-xet-1.1.2
  Attempting uninstall: huggingface-hub
    Found existing installation: huggingface-hub 0.32.3
    Uninstalling huggingface-hub-0.32.3:
      Successfully uninstalled huggingface-hub-0.32.3
Successfully installed hf-xet-1.1.10 huggingface-hub-0.35.3 safetensors-0.6.2 sentry-sdk-2.40.0 tokenizers-0.22.1 transformers-4.57.0 urllib3-2.5.0 wandb-0.22.1
