lzw@to:~/projects/greptimedb$ rustup toolchain uninstall nightly-2025-10-01-x86_64-unknown-linux-gnu
warn: removing the active toolchain; a toolchain override will be required for running Rust tools
info: uninstalling toolchain 'nightly-2025-10-01-x86_64-unknown-linux-gnu'
info: toolchain 'nightly-2025-10-01-x86_64-unknown-linux-gnu' uninstalled
lzw@to:~/projects/greptimedb$ rustup toolchain install nightly-2025-10-01-x86_64-unknown-linux-gnu
info: syncing channel updates for 'nightly-2025-10-01-x86_64-unknown-linux-gnu'
info: latest update on 2025-10-01, rust version 1.92.0-nightly (fa3155a64 2025-09-30)
info: downloading component 'cargo'
 10.2 MiB /  10.2 MiB (100 %)   1.6 MiB/s in  6s
info: downloading component 'clippy'
  4.4 MiB /   4.4 MiB (100 %)   2.7 MiB/s in  2s
info: downloading component 'rust-docs'
 20.3 MiB /  20.3 MiB (100 %)   3.4 MiB/s in  6s
info: downloading component 'rust-std'
 27.8 MiB /  27.8 MiB (100 %)   3.6 MiB/s in  8s
info: downloading component 'rustc'
 74.0 MiB /  74.0 MiB (100 %)   2.3 MiB/s in 25s
info: downloading component 'rustfmt'
info: installing component 'cargo'
info: installing component 'clippy'
info: installing component 'rust-docs'
info: installing component 'rust-std'
 27.8 MiB /  27.8 MiB (100 %)  23.8 MiB/s in  1s
info: installing component 'rustc'
 74.0 MiB /  74.0 MiB (100 %)  25.5 MiB/s in  2s
info: installing component 'rustfmt'

  nightly-2025-10-01-x86_64-unknown-linux-gnu installed - rustc 1.92.0-nightly (fa3155a64 2025-09-30)

info: checking for self-update
